3 * 8 / 6 = 4

{2 + 5} * {5 - 2} = 21

8 / 3 = 2

8 MOD 5 = 3

$FF >> 2 = $3f

$FF << 3 = $07f8

%00001000 + %00010111 = %00011111

%00000111 | %01010000 = %01010111

%00000111 & %01010001 = %00000001

%00001100 ^ %00111111 = %00110011

21 < 20 = false

20 <= 20 = true

20 == 20 = true

21 != 21 = false

21 >= 21 = true

21 > 21 = false

{10 < 11} && {11 < 10} = false

{10 < 11} || {11 < 10} = true

{10 < 11} && {!{11 < 10}} = true

